Generation accelerator lease acquired; ComfyUI queues idle
{"phase": "validation", "backend": "sdpa", "times_ms": [], "route": "torch SDPA, unchanged dtype", "first_call_ms": 251.55366701073945, "memory_after_first": {"mps_current_bytes": 745328640, "mps_driver_bytes": 1074233344, "process_rss_high_water_bytes": 1990705152}, "all_output_finite": true, "error": {"finite": true, "reference_rms": 0.019704855267508734, "rmse": 0.00011762154416659199, "relative_rmse": 0.005969165597503156, "max_abs": 0.0007013269779718306, "cosine": 0.9999907125531078}, "operator_screen_pass": true}
{"phase": "validation", "backend": "mtl-v1-fp16", "times_ms": [], "route": "mtl v1 (forced); fp16 conversion=True", "first_call_ms": 1120.4408750054426, "memory_after_first": {"mps_current_bytes": 745329408, "mps_driver_bytes": 2156625920, "process_rss_high_water_bytes": 1996734464}, "all_output_finite": true, "error": {"finite": true, "reference_rms": 0.019704855267508734, "rmse": 9.860462893468736e-05, "relative_rmse": 0.005004077807020293, "max_abs": 0.0008508907249327458, "cosine": 0.9999874815987082}, "operator_screen_pass": true}
{"phase": "timing", "round": 0, "backend": "sdpa", "ms": 469.04654198442586}
{"phase": "timing", "round": 0, "backend": "mtl-v1-fp16", "ms": 1343.7045419996139}
{"phase": "timing", "round": 1, "backend": "mtl-v1-fp16", "ms": 1371.8167500046548}
{"phase": "timing", "round": 1, "backend": "sdpa", "ms": 444.37637500232086}
{"phase": "timing", "round": 2, "backend": "sdpa", "ms": 403.88637501746416}
{"phase": "timing", "round": 2, "backend": "mtl-v1-fp16", "ms": 1379.6501670149155}
{"phase": "timing", "round": 3, "backend": "mtl-v1-fp16", "ms": 1356.61545797484}
{"phase": "timing", "round": 3, "backend": "sdpa", "ms": 447.4017920147162}
{"phase": "timing", "round": 4, "backend": "sdpa", "ms": 443.40895797358826}
{"phase": "timing", "round": 4, "backend": "mtl-v1-fp16", "ms": 1393.6289999983273}
[MTLFLASHATTN_TRACE] 9 attention call(s), 1 distinct shape/kernel combos:
  calls=9      float16   D=128  Lq=10398  Lk=10398  causal=F  -> v1
{"phase": "validation", "backend": "sdpa", "times_ms": [], "route": "torch SDPA, unchanged dtype", "first_call_ms": 3.8915000041015446, "memory_after_first": {"mps_current_bytes": 36802560, "mps_driver_bytes": 1074233344, "process_rss_high_water_bytes": 389742592}, "all_output_finite": true, "error": {"finite": true, "reference_rms": 0.037438295981649806, "rmse": 1.5212832114681416e-05, "relative_rmse": 0.0004063441381556978, "max_abs": 8.524363409327662e-05, "cosine": 0.9999999380453514}, "operator_screen_pass": true}
{"phase": "validation", "backend": "mtl-v1-fp16", "times_ms": [], "route": "mtl v1 (forced); fp16 conversion=False", "first_call_ms": 85.08191700093448, "memory_after_first": {"mps_current_bytes": 36803328, "mps_driver_bytes": 1082916864, "process_rss_high_water_bytes": 396378112}, "all_output_finite": true, "error": {"finite": true, "reference_rms": 0.037438295981649806, "rmse": 8.89047806846721e-05, "relative_rmse": 0.0023747015817239207, "max_abs": 0.00048766578530393817, "cosine": 0.9999971807014931}, "operator_screen_pass": true}
{"phase": "timing", "round": 0, "backend": "sdpa", "ms": 3.340833995025605}
{"phase": "timing", "round": 0, "backend": "mtl-v1-fp16", "ms": 10.49983300617896}
{"phase": "timing", "round": 1, "backend": "mtl-v1-fp16", "ms": 11.428416008129716}
{"phase": "timing", "round": 1, "backend": "sdpa", "ms": 3.2271670061163604}
{"phase": "timing", "round": 2, "backend": "sdpa", "ms": 3.0597920122090727}
{"phase": "timing", "round": 2, "backend": "mtl-v1-fp16", "ms": 10.737000004155561}
{"phase": "timing", "round": 3, "backend": "mtl-v1-fp16", "ms": 10.794125002576038}
{"phase": "timing", "round": 3, "backend": "sdpa", "ms": 3.5287499777041376}
{"phase": "timing", "round": 4, "backend": "sdpa", "ms": 3.2411249994765967}
{"phase": "timing", "round": 4, "backend": "mtl-v1-fp16", "ms": 11.666208010865375}
[MTLFLASHATTN_TRACE] 9 attention call(s), 1 distinct shape/kernel combos:
  calls=9      float16   D=64   Lq=1797   Lk=1797   causal=F  -> v1
{"phase": "validation", "backend": "sdpa", "times_ms": [], "route": "torch SDPA, unchanged dtype", "first_call_ms": 297.1853750059381, "memory_after_first": {"mps_current_bytes": 800378880, "mps_driver_bytes": 1074233344, "process_rss_high_water_bytes": 2115665920}, "all_output_finite": true, "error": {"finite": true, "reference_rms": 0.1934595468191077, "rmse": 0.0018673084108649224, "relative_rmse": 0.009652190556462584, "max_abs": 0.012880798097770318, "cosine": 0.9999862847589708}, "operator_screen_pass": false}
{"phase": "validation", "backend": "mtl-v1-fp16", "times_ms": [], "route": "mtl v1 (forced); fp16 conversion=True", "first_call_ms": 1293.5336659720633, "memory_after_first": {"mps_current_bytes": 800379648, "mps_driver_bytes": 3230367744, "process_rss_high_water_bytes": 2120892416}, "all_output_finite": true, "error": {"finite": true, "reference_rms": 0.1934595468191077, "rmse": 0.0022425435248646817, "relative_rmse": 0.011591795606559279, "max_abs": 0.02017316237507838, "cosine": 0.9999328996416048}, "operator_screen_pass": false}
No backend passed the operator screen; see JSON evidence
[MTLFLASHATTN_TRACE] 1 attention call(s), 1 distinct shape/kernel combos:
  calls=1      float16   D=128  Lq=11166  Lk=11166  causal=F  -> v1
16 |       "--backends", process.env.H3_BENCH_BACKENDS || "sdpa,mps-flash,mtl-auto,mtl-fp16",
17 |     ], {stdout:"inherit", stderr:"inherit", env:{...process.env,MTLFLASHATTN_SHIM:"off",MTLFLASHATTN_SDPA:"off",MTLFLASHATTN_TRACE:"1"}});
18 |     const timer = setTimeout(() => child.kill("SIGKILL"), 300_000);
19 |     const code = await child.exited;
20 |     clearTimeout(timer);
21 |     if (code !== 0) throw new Error(`${name} exited ${code}`);
                                   ^
error: dit-long exited 1
      at <anonymous> (/Users/kk/code/idream/.tmp/h3-metal-attention-20260912/run.ts:21:31)
      at async withGenerationAcceleratorLease (/Users/kk/code/idream/packages/gen/src/backend/generation-accelerator-lease.ts:48:18)

Bun v1.4.2 (macOS arm64)
