[AppleSilicon-FP8/prestartup] MPS allocator watermark capped (low=0.8, high=1.0) to keep the reserved pool resident instead of spilling into swap; set APPLESILICON_FP8_MPS_WATERMARK=off to disable.
[AppleSilicon-FP8] capabilities: macOS=26.5.1, torch=2.13.0, mps=yes, compile_shader=yes, tensor_ops(M5/Metal4)=yes, ninja=yes
[AppleSilicon-FP8] skipping psutil_vmstat (ASFP8_ENABLE_ONLY/ASFP8_DISABLE)
[AppleSilicon-FP8] skipping fp8_mps_strided (ASFP8_ENABLE_ONLY/ASFP8_DISABLE)
[AppleSilicon-FP8] skipping comfykitchen_fp8 (ASFP8_ENABLE_ONLY/ASFP8_DISABLE)
[AppleSilicon-FP8] skipping scaled_mm_fp8 (ASFP8_ENABLE_ONLY/ASFP8_DISABLE)
[AppleSilicon-FP8] skipping ops_bias_fp8 (ASFP8_ENABLE_ONLY/ASFP8_DISABLE)
[AppleSilicon-FP8] skipping stochastic_round_fp8 (ASFP8_ENABLE_ONLY/ASFP8_DISABLE)
[AppleSilicon-FP8/tensor_to] torch.Tensor.to (+ .float()/.half()/.bfloat16()) FP8<->float routed via LUT/CPU on MPS.
[AppleSilicon-FP8] skipping wan_blockswap_mps (ASFP8_ENABLE_ONLY/ASFP8_DISABLE)
[AppleSilicon-FP8] skipping rmsnorm_mps_large (ASFP8_ENABLE_ONLY/ASFP8_DISABLE)
[AppleSilicon-FP8] skipping fused_norm_mps (ASFP8_ENABLE_ONLY/ASFP8_DISABLE)
[AppleSilicon-FP8] skipping flash_attn_mtl (ASFP8_ENABLE_ONLY/ASFP8_DISABLE)
[AppleSilicon-FP8] skipping linear_fp8 (ASFP8_ENABLE_ONLY/ASFP8_DISABLE)
[AppleSilicon-FP8] skipping te_device_mps (ASFP8_ENABLE_ONLY/ASFP8_DISABLE)
[AppleSilicon-FP8/int_mm] torch._int_mm runs on GPU (float32) on MPS instead of falling back to CPU (INT8 models).
[AppleSilicon-FP8] skipping int8_linear_mps (ASFP8_ENABLE_ONLY/ASFP8_DISABLE)
[AppleSilicon-FP8] skipping int8_linear_kernel_mps (ASFP8_ENABLE_ONLY/ASFP8_DISABLE)
[AppleSilicon-FP8] skipping int4_linear_mps (ASFP8_ENABLE_ONLY/ASFP8_DISABLE)
[AppleSilicon-FP8] skipping fp8_linear_kernel_mps (ASFP8_ENABLE_ONLY/ASFP8_DISABLE)
[AppleSilicon-FP8] skipping conv_im2col_mps (ASFP8_ENABLE_ONLY/ASFP8_DISABLE)
[AppleSilicon-FP8] skipping mlx_textgen (ASFP8_ENABLE_ONLY/ASFP8_DISABLE)
[AppleSilicon-FP8] skipping rope_fast_mps (ASFP8_ENABLE_ONLY/ASFP8_DISABLE)
[AppleSilicon-FP8] skipping probe_runtime (ASFP8_ENABLE_ONLY/ASFP8_DISABLE)
[AppleSilicon-FP8] skipping optrace (ASFP8_ENABLE_ONLY/ASFP8_DISABLE)
[AppleSilicon-FP8] skipping mps_profile (ASFP8_ENABLE_ONLY/ASFP8_DISABLE)
[AppleSilicon-FP8/prestartup] MPS allocator watermark capped (low=0.8, high=1.0) to keep the reserved pool resident instead of spilling into swap; set APPLESILICON_FP8_MPS_WATERMARK=off to disable.
[AppleSilicon-FP8] capabilities: macOS=26.5.1, torch=2.13.0, mps=yes, compile_shader=yes, tensor_ops(M5/Metal4)=yes, ninja=yes
[AppleSilicon-FP8/prestartup] MPS allocator watermark capped (low=0.8, high=1.0) to keep the reserved pool resident instead of spilling into swap; set APPLESILICON_FP8_MPS_WATERMARK=off to disable.
[AppleSilicon-FP8] capabilities: macOS=26.5.1, torch=2.13.0, mps=yes, compile_shader=yes, tensor_ops(M5/Metal4)=yes, ninja=yes
[INFO] Found comfy_kitchen backend eager: {'available': True, 'disabled': False, 'unavailable_reason': None, 'capabilities': ['adaln', 'apply_rope', 'apply_rope1', 'apply_rope1_', 'apply_rope_', 'apply_rope_split_half', 'apply_rope_split_half1', 'apply_rope_split_half1_', 'apply_rope_split_half_', 'convrot_w4a4_linear', 'dequantize_convrot_w4a4_weight', 'dequantize_int8_convrot_weight', 'dequantize_int8_convrot_weight_dtype', 'dequantize_int8_embedding', 'dequantize_int8_simple', 'dequantize_int8_simple_dtype', 'dequantize_mxfp8', 'dequantize_nvfp4', 'dequantize_per_tensor_fp8', 'dequantize_w4a8_int8_weight', 'gemv_awq_w4a16', 'int8_linear', 'na3d', 'prepare_int4_weight_for_int8_linear', 'quantize_and_rotate_rowwise', 'quantize_convrot_w4a4_weight', 'quantize_int8_convrot_weight', 'quantize_int8_rowwise', 'quantize_int8_tensorwise', 'quantize_mxfp8', 'quantize_nvfp4', 'quantize_per_tensor_fp8', 'quantize_svdquant_w4a4', 'quantize_w4a8_int8_weight', 'rms_adaln', 'rms_rope', 'rms_rope1', 'rms_rope1_', 'rms_rope_', 'rms_rope_split_half', 'rms_rope_split_half1', 'rms_rope_split_half1_', 'rms_rope_split_half_', 'rotate_int8_convrot_weight', 'scaled_mm_mxfp8', 'scaled_mm_nvfp4', 'scaled_mm_svdquant_w4a4', 'stochastic_rounding_fp8', 'w4a8_int8_linear']}
[INFO] Found comfy_kitchen backend cuda: {'available': False, 'disabled': True, 'unavailable_reason': 'Extension file not found: /Users/kk/ComfyUI-Installs/idream-ltx25-v0342/ComfyUI/.venv/lib/python3.13/site-packages/comfy_kitchen/backends/cuda/_C.abi3.so', 'capabilities': []}
[INFO] Found comfy_kitchen backend hip: {'available': False, 'disabled': False, 'unavailable_reason': 'PyTorch ROCm/HIP runtime not available', 'capabilities': []}
[INFO] Found comfy_kitchen backend triton: {'available': False, 'disabled': True, 'unavailable_reason': "ImportError: No module named 'triton'", 'capabilities': []}
[INFO] Using pytorch attention
[INFO]    0.0 seconds: /Users/kk/ComfyUI-Installs/idream-ltx25-v0342/ComfyUI/custom_nodes/ComfyUI-AppleSilicon-FP8
[INFO] Found comfy_kitchen backend cuda: {'available': False, 'disabled': True, 'unavailable_reason': 'Extension file not found: /Users/kk/ComfyUI-Installs/idream-ltx25-v0342/ComfyUI/.venv/lib/python3.13/site-packages/comfy_kitchen/backends/cuda/_C.abi3.so', 'capabilities': []}
[INFO] Found comfy_kitchen backend triton: {'available': False, 'disabled': True, 'unavailable_reason': "ImportError: No module named 'triton'", 'capabilities': []}
[INFO] Found comfy_kitchen backend hip: {'available': False, 'disabled': False, 'unavailable_reason': 'PyTorch ROCm/HIP runtime not available', 'capabilities': []}
[INFO] Found comfy_kitchen backend eager: {'available': True, 'disabled': False, 'unavailable_reason': None, 'capabilities': ['adaln', 'apply_rope', 'apply_rope1', 'apply_rope1_', 'apply_rope_', 'apply_rope_split_half', 'apply_rope_split_half1', 'apply_rope_split_half1_', 'apply_rope_split_half_', 'convrot_w4a4_linear', 'dequantize_convrot_w4a4_weight', 'dequantize_int8_convrot_weight', 'dequantize_int8_convrot_weight_dtype', 'dequantize_int8_embedding', 'dequantize_int8_simple', 'dequantize_int8_simple_dtype', 'dequantize_mxfp8', 'dequantize_nvfp4', 'dequantize_per_tensor_fp8', 'dequantize_w4a8_int8_weight', 'gemv_awq_w4a16', 'int8_linear', 'na3d', 'prepare_int4_weight_for_int8_linear', 'quantize_and_rotate_rowwise', 'quantize_convrot_w4a4_weight', 'quantize_int8_convrot_weight', 'quantize_int8_rowwise', 'quantize_int8_tensorwise', 'quantize_mxfp8', 'quantize_nvfp4', 'quantize_per_tensor_fp8', 'quantize_svdquant_w4a4', 'quantize_w4a8_int8_weight', 'rms_adaln', 'rms_rope', 'rms_rope1', 'rms_rope1_', 'rms_rope_', 'rms_rope_split_half', 'rms_rope_split_half1', 'rms_rope_split_half1_', 'rms_rope_split_half_', 'rotate_int8_convrot_weight', 'scaled_mm_mxfp8', 'scaled_mm_nvfp4', 'scaled_mm_svdquant_w4a4', 'stochastic_rounding_fp8', 'w4a8_int8_linear']}
[INFO] Using pytorch attention
[INFO]    0.0 seconds: /Users/kk/ComfyUI-Installs/idream-ltx25-v0342/ComfyUI/custom_nodes/ComfyUI-AppleSilicon-FP8
[INFO] Found comfy_kitchen backend hip: {'available': False, 'disabled': False, 'unavailable_reason': 'PyTorch ROCm/HIP runtime not available', 'capabilities': []}
[INFO] Found comfy_kitchen backend eager: {'available': True, 'disabled': False, 'unavailable_reason': None, 'capabilities': ['adaln', 'apply_rope', 'apply_rope1', 'apply_rope1_', 'apply_rope_', 'apply_rope_split_half', 'apply_rope_split_half1', 'apply_rope_split_half1_', 'apply_rope_split_half_', 'convrot_w4a4_linear', 'dequantize_convrot_w4a4_weight', 'dequantize_int8_convrot_weight', 'dequantize_int8_convrot_weight_dtype', 'dequantize_int8_embedding', 'dequantize_int8_simple', 'dequantize_int8_simple_dtype', 'dequantize_mxfp8', 'dequantize_nvfp4', 'dequantize_per_tensor_fp8', 'dequantize_w4a8_int8_weight', 'gemv_awq_w4a16', 'int8_linear', 'na3d', 'prepare_int4_weight_for_int8_linear', 'quantize_and_rotate_rowwise', 'quantize_convrot_w4a4_weight', 'quantize_int8_convrot_weight', 'quantize_int8_rowwise', 'quantize_int8_tensorwise', 'quantize_mxfp8', 'quantize_nvfp4', 'quantize_per_tensor_fp8', 'quantize_svdquant_w4a4', 'quantize_w4a8_int8_weight', 'rms_adaln', 'rms_rope', 'rms_rope1', 'rms_rope1_', 'rms_rope_', 'rms_rope_split_half', 'rms_rope_split_half1', 'rms_rope_split_half1_', 'rms_rope_split_half_', 'rotate_int8_convrot_weight', 'scaled_mm_mxfp8', 'scaled_mm_nvfp4', 'scaled_mm_svdquant_w4a4', 'stochastic_rounding_fp8', 'w4a8_int8_linear']}
[INFO] Found comfy_kitchen backend triton: {'available': False, 'disabled': True, 'unavailable_reason': "ImportError: No module named 'triton'", 'capabilities': []}
[INFO] Found comfy_kitchen backend cuda: {'available': False, 'disabled': True, 'unavailable_reason': 'Extension file not found: /Users/kk/ComfyUI-Installs/idream-ltx25-v0342/ComfyUI/.venv/lib/python3.13/site-packages/comfy_kitchen/backends/cuda/_C.abi3.so', 'capabilities': []}
[INFO] Using pytorch attention
[INFO]    0.0 seconds: /Users/kk/ComfyUI-Installs/idream-ltx25-v0342/ComfyUI/custom_nodes/ComfyUI-AppleSilicon-FP8
