{
  "mode": "apply",
  "jobId": "cmto7159c000ov3l70eyvcpnk",
  "attemptId": "cmto7159u000rv3l78jtcw3vz",
  "promptId": "41003306-72b3-486e-984e-1d751788ebdd",
  "jobStatus": "queued",
  "version": 1,
  "providerExecutionMs": 331959,
  "originalChecksum": "eeeb062a6170d4670159be1cdefd7f1876b276c107a46c25379e585c440ed63f",
  "resolutionRef": "gen/terminal-records/cmto7159u000rv3l78jtcw3vz/resolution-comfyui-success.json",
  "resolutionChecksum": "14e1d8d05267055984a7aec3e710030af6abc0171adbe8a3b8859b3d36821771",
  "assetKey": "gen/cmto7159c000ov3l70eyvcpnk/attempts/cmto7159u000rv3l78jtcw3vz/image-1.png",
  "assetSha256": "ec2d1f6a771b6f7e610a607bd997af88f702c510f5cf3080aba5a741430cb0a1",
  "image": {
    "width": 832,
    "height": 1024
  },
  "sanity": {
    "schemaVersion": "1",
    "evaluatorVersion": "generated-image-sanity-v2",
    "sanity": {
      "status": "passed"
    },
    "composition": {
      "status": "passed",
      "reason": "single_continuous_frame_detected"
    }
  }
}
55 |   },
56 |   gone(message = "Gone", details?: unknown) {
57 |     return new AppError("gone", message, details);
58 |   },
59 |   conflict(message = "Conflict", details?: unknown) {
60 |     return new AppError("conflict", message, details);
                ^
AppError: Recovered terminal evidence is not an adoptable provider success
  status: 409,
 details: undefined,
    code: "conflict"

      at conflict (/Users/kk/code/idream/packages/main/src/server/lib/errors.ts:60:12)
      at prepareRecoveredSuccessAdoption (/Users/kk/code/idream/packages/main/src/server/modules/admin-v2/jobs/unknown-reconciliation.ts:503:18)
      at async reconcileUnknownGenerationRequest (/Users/kk/code/idream/packages/main/src/server/modules/admin-v2/jobs/unknown-reconciliation.ts:97:13)

Bun v1.4.0 (macOS arm64)
