@idream/main check: $ eslint
@idream/main check: 
@idream/main check: /Users/kk/code/idream/packages/main/src/server/modules/ourdream/admin-console.test.ts
@idream/main check:   16:17  warning  'adminAuditLogRoute' is defined but never used. Allowed unused vars must match /^_/u              @typescript-eslint/no-unused-vars
@idream/main check:   17:19  warning  'adminFeatureFlagRoute' is defined but never used. Allowed unused vars must match /^_/u           @typescript-eslint/no-unused-vars
@idream/main check:   18:17  warning  'adminSavedViewsRoute' is defined but never used. Allowed unused vars must match /^_/u            @typescript-eslint/no-unused-vars
@idream/main check:   18:47  warning  'adminSavedViewCreateRoute' is defined but never used. Allowed unused vars must match /^_/u       @typescript-eslint/no-unused-vars
@idream/main check:   19:20  warning  'adminSavedViewDeleteRoute' is defined but never used. Allowed unused vars must match /^_/u       @typescript-eslint/no-unused-vars
@idream/main check:   20:17  warning  'adminSupportRequestsRoute' is defined but never used. Allowed unused vars must match /^_/u       @typescript-eslint/no-unused-vars
@idream/main check:   21:19  warning  'adminSupportRequestPatchRoute' is defined but never used. Allowed unused vars must match /^_/u   @typescript-eslint/no-unused-vars
@idream/main check:   22:18  warning  'adminSupportEscalateRoute' is defined but never used. Allowed unused vars must match /^_/u       @typescript-eslint/no-unused-vars
@idream/main check:   23:18  warning  'adminSupportPlaintextRoute' is defined but never used. Allowed unused vars must match /^_/u      @typescript-eslint/no-unused-vars
@idream/main check:   24:17  warning  'adminUsersRoute' is defined but never used. Allowed unused vars must match /^_/u                 @typescript-eslint/no-unused-vars
@idream/main check:   25:18  warning  'adminUserStatusRoute' is defined but never used. Allowed unused vars must match /^_/u            @typescript-eslint/no-unused-vars
@idream/main check:   26:18  warning  'adminUserRoleRoute' is defined but never used. Allowed unused vars must match /^_/u              @typescript-eslint/no-unused-vars
@idream/main check:   28:10  warning  'adminUserPermissionsReadRoute' is defined but never used. Allowed unused vars must match /^_/u   @typescript-eslint/no-unused-vars
@idream/main check:   29:11  warning  'adminUserPermissionsWriteRoute' is defined but never used. Allowed unused vars must match /^_/u  @typescript-eslint/no-unused-vars
@idream/main check: 
@idream/main check: ✖ 14 problems (0 errors, 14 warnings)
@idream/main check: 
@idream/main check: $ bun run db:generate && bun --bun next typegen && tsc --noEmit
@idream/main check: $ bun --bun prisma generate
@idream/main check: Loaded Prisma config from prisma.config.ts.
@idream/main check: 
@idream/main check: Prisma schema loaded from prisma/schema.prisma.
@idream/main check: 
@idream/main check: ✔ Generated Prisma Client (v7.6.0) to ./../../node_modules/.bun/@prisma+client@7.6.0+7eee423ab090712c/node_modules/@prisma/client in 385ms
@idream/main check: 
@idream/main check: Start by importing your Prisma Client (See: https://pris.ly/d/importing-client)
@idream/main check: 
@idream/main check: 
@idream/main check: Generating route types...
@idream/main check: ✓ Types generated successfully
@idream/main check: $ bun run db:generate && bun run build:workers && bun ../../scripts/build-next-standalone.mjs packages/main
@idream/main check: $ bun --bun prisma generate
@idream/main check: Loaded Prisma config from prisma.config.ts.
@idream/main check: 
@idream/main check: Prisma schema loaded from prisma/schema.prisma.
@idream/main check: 
@idream/main check: ✔ Generated Prisma Client (v7.6.0) to ./../../node_modules/.bun/@prisma+client@7.6.0+7eee423ab090712c/node_modules/@prisma/client in 396ms
@idream/main check: 
@idream/main check: Start by importing your Prisma Client (See: https://pris.ly/d/importing-client)
@idream/main check: 
@idream/main check: 
@idream/main check: $ bun ../../scripts/build-bun-service.mjs src/processes/finalizer.ts src/processes/event-consumer.ts src/processes/admin-command-worker.ts
@idream/main check: ▲ Next.js 16.2.1 (Turbopack)
@idream/main check: - Environments: .env
@idream/main check: - Experiments (use with caution):
@idream/main check:   ⨯ isrFlushToDisk
@idream/main check: 
@idream/main check:   Creating an optimized production build ...
@idream/main check: ✓ Compiled successfully in 37.5s
@idream/main check:   Running TypeScript ...
@idream/main check:   Finished TypeScript in 26.7s ...
@idream/main check:   Collecting page data using 15 workers ...
@idream/main check:   Generating static pages using 15 workers (0/49) ...
@idream/main check:   Generating static pages using 15 workers (12/49) 
@idream/main check:   Generating static pages using 15 workers (24/49) 
@idream/main check:   Generating static pages using 15 workers (36/49) 
@idream/main check: ✓ Generating static pages using 15 workers (49/49) in 614ms
@idream/main check:   Finalizing page optimization ...
@idream/main check: 
@idream/main check: Route (app)                                                                       Revalidate  Expire
@idream/main check: ┌ ○ /
@idream/main check: ├ ○ /_not-found
@idream/main check: ├ ƒ /[...slug]                                                                            1m      1y
@idream/main check: ├ ● /[...slug]                                                                            1m      1y
@idream/main check: │ ├ /chat                                                                                 1m      1y
@idream/main check: │ ├ /create                                                                               1m      1y
@idream/main check: │ ├ /generate                                                                             1m      1y
@idream/main check: │ └ [+32 more paths]
@idream/main check: ├ ƒ /age-verification/return
@idream/main check: ├ ƒ /api/admin-auth/[action]
@idream/main check: ├ ƒ /api/auth/[...all]
@idream/main check: ├ ƒ /api/internal/admin/slo-readiness
@idream/main check: ├ ƒ /api/internal/chat/tool-effects
@idream/main check: ├ ƒ /api/internal/chat/turns/terminal
@idream/main check: ├ ƒ /api/internal/events/account-erasure-completion-v2/ingest
@idream/main check: ├ ƒ /api/internal/events/ingest
@idream/main check: ├ ƒ /api/internal/experiments/[key]/assignment
@idream/main check: ├ ƒ /api/internal/experiments/exposure
@idream/main check: ├ ƒ /api/internal/generation/terminal-records/ingest
@idream/main check: ├ ƒ /api/internal/generation/transports
@idream/main check: ├ ƒ /api/internal/metrics
@idream/main check: ├ ƒ /api/internal/worker
@idream/main check: ├ ƒ /api/v1/[...resource]
@idream/main check: ├ ƒ /api/v2/admin/analytics/export
@idream/main check: ├ ƒ /api/v2/admin/analytics/flag-monitoring
@idream/main check: ├ ƒ /api/v2/admin/analytics/overview
@idream/main check: ├ ƒ /api/v2/admin/analytics/retention
@idream/main check: ├ ƒ /api/v2/admin/announcements
@idream/main check: ├ ƒ /api/v2/admin/announcements/[id]
@idream/main check: ├ ƒ /api/v2/admin/approvals
@idream/main check: ├ ƒ /api/v2/admin/approvals/[id]/approve
@idream/main check: ├ ƒ /api/v2/admin/approvals/[id]/reject
@idream/main check: ├ ƒ /api/v2/admin/assets
@idream/main check: ├ ƒ /api/v2/admin/assets/[id]
@idream/main check: ├ ƒ /api/v2/admin/assets/bulk
@idream/main check: ├ ƒ /api/v2/admin/assets/bulk/preflight
@idream/main check: ├ ƒ /api/v2/admin/audit-log
@idream/main check: ├ ƒ /api/v2/admin/billing/adjustments
@idream/main check: ├ ƒ /api/v2/admin/billing/ledger
@idream/main check: ├ ƒ /api/v2/admin/billing/reconciliation
@idream/main check: ├ ƒ /api/v2/admin/billing/reconciliation/[id]/resolve
@idream/main check: ├ ƒ /api/v2/admin/billing/subscriptions
@idream/main check: ├ ƒ /api/v2/admin/billing/subscriptions/[id]/refund
@idream/main check: ├ ƒ /api/v2/admin/billing/subscriptions/[id]/refund/reconcile
@idream/main check: ├ ƒ /api/v2/admin/bootstrap
@idream/main check: ├ ƒ /api/v2/admin/cases
@idream/main check: ├ ƒ /api/v2/admin/cases/[id]
@idream/main check: ├ ƒ /api/v2/admin/cases/[id]/actions
@idream/main check: ├ ƒ /api/v2/admin/cases/[id]/assignment
@idream/main check: ├ ƒ /api/v2/admin/cases/[id]/commands/close
@idream/main check: ├ ƒ /api/v2/admin/cases/[id]/commands/reopen
@idream/main check: ├ ƒ /api/v2/admin/cases/[id]/commands/wait
@idream/main check: ├ ƒ /api/v2/admin/cases/[id]/decisions
@idream/main check: ├ ƒ /api/v2/admin/cases/[id]/verification
@idream/main check: ├ ƒ /api/v2/admin/cases/backfill
@idream/main check: ├ ƒ /api/v2/admin/cases/backfill/customer
@idream/main check: ├ ƒ /api/v2/admin/characters
@idream/main check: ├ ƒ /api/v2/admin/characters/[id]
@idream/main check: ├ ƒ /api/v2/admin/characters/[id]/commands/pause
@idream/main check: ├ ƒ /api/v2/admin/characters/[id]/commands/restore
@idream/main check: ├ ƒ /api/v2/admin/characters/[id]/commands/resume
@idream/main check: ├ ƒ /api/v2/admin/characters/[id]/commands/retire
@idream/main check: ├ ƒ /api/v2/admin/characters/[id]/draft-image
@idream/main check: ├ ƒ /api/v2/admin/characters/[id]/identity-bootstrap
@idream/main check: ├ ƒ /api/v2/admin/characters/[id]/image-readiness/repair
@idream/main check: ├ ƒ /api/v2/admin/characters/[id]/image-sources
@idream/main check: ├ ƒ /api/v2/admin/characters/[id]/image-sources/[assetId]/reviews
@idream/main check: ├ ƒ /api/v2/admin/characters/[id]/looks/[lookId]
@idream/main check: ├ ƒ /api/v2/admin/characters/[id]/project
@idream/main check: ├ ƒ /api/v2/admin/characters/[id]/reference-sets
@idream/main check: ├ ƒ /api/v2/admin/characters/[id]/releases
@idream/main check: ├ ƒ /api/v2/admin/characters/[id]/releases/[releaseId]/commands/publish
@idream/main check: ├ ƒ /api/v2/admin/characters/[id]/releases/[releaseId]/commands/rollback
@idream/main check: ├ ƒ /api/v2/admin/characters/[id]/releases/[releaseId]/commands/withdraw
@idream/main check: ├ ƒ /api/v2/admin/characters/[id]/releases/[releaseId]/monitors/[window]/refresh
@idream/main check: ├ ƒ /api/v2/admin/characters/[id]/soul/versions
@idream/main check: ├ ƒ /api/v2/admin/characters/[id]/video-sources
@idream/main check: ├ ƒ /api/v2/admin/characters/[id]/voice-clips/[requestId]/commands/reclaim
@idream/main check: ├ ƒ /api/v2/admin/characters/[id]/voice-clones
@idream/main check: ├ ƒ /api/v2/admin/characters/[id]/voice-defaults/reset
@idream/main check: ├ ƒ /api/v2/admin/characters/[id]/voice-presets
@idream/main check: ├ ƒ /api/v2/admin/characters/[id]/voice-profiles/[profileId]/activate
@idream/main check: ├ ƒ /api/v2/admin/characters/performance/backfill
@idream/main check: ├ ƒ /api/v2/admin/characters/performance/reconciliation
@idream/main check: ├ ƒ /api/v2/admin/characters/portfolio
@idream/main check: ├ ƒ /api/v2/admin/characters/route-qualifications/commands/evaluate
@idream/main check: ├ ƒ /api/v2/admin/chat/main-outbox-events
@idream/main check: ├ ƒ /api/v2/admin/chat/main-outbox-events/commands/discard-target-missing
@idream/main check: ├ ƒ /api/v2/admin/chat/main-outbox-events/commands/replay
@idream/main check: ├ ƒ /api/v2/admin/chat/moderation-events
@idream/main check: ├ ƒ /api/v2/admin/chat/overview
@idream/main check: ├ ƒ /api/v2/admin/chat/provider-health
@idream/main check: ├ ƒ /api/v2/admin/chat/sessions
@idream/main check: ├ ƒ /api/v2/admin/chat/sessions/[sessionId]/commands/migrate-release
@idream/main check: ├ ƒ /api/v2/admin/chat/usage
@idream/main check: ├ ƒ /api/v2/admin/cms/page
@idream/main check: ├ ƒ /api/v2/admin/cms/pages
@idream/main check: ├ ƒ /api/v2/admin/cms/pages/publish
@idream/main check: ├ ƒ /api/v2/admin/collaboration/[targetType]/[targetId]/activity
@idream/main check: ├ ƒ /api/v2/admin/collaboration/[targetType]/[targetId]/watch
@idream/main check: ├ ƒ /api/v2/admin/collaboration/mentions
@idream/main check: ├ ƒ /api/v2/admin/commands/[commandId]
@idream/main check: ├ ƒ /api/v2/admin/compliance/age-verifications
@idream/main check: ├ ƒ /api/v2/admin/compliance/age-verifications/[id]/override
@idream/main check: ├ ƒ /api/v2/admin/compliance/users/[id]/erase
@idream/main check: ├ ƒ /api/v2/admin/compliance/users/[id]/export
@idream/main check: ├ ƒ /api/v2/admin/content/character-assist
@idream/main check: ├ ƒ /api/v2/admin/content/characters
@idream/main check: ├ ƒ /api/v2/admin/content/characters/[id]
@idream/main check: ├ ƒ /api/v2/admin/content/characters/[id]/chat-tools
@idream/main check: ├ ƒ /api/v2/admin/content/characters/[id]/status
@idream/main check: ├ ƒ /api/v2/admin/content/characters/[id]/tags
@idream/main check: ├ ƒ /api/v2/admin/content/characters/[id]/visibility
@idream/main check: ├ ƒ /api/v2/admin/content/characters/[id]/visual-profiles
@idream/main check: ├ ƒ /api/v2/admin/content/featured
@idream/main check: ├ ƒ /api/v2/admin/content/official
@idream/main check: ├ ƒ /api/v2/admin/content/official/[id]
@idream/main check: ├ ƒ /api/v2/admin/content/official/[id]/state
@idream/main check: ├ ƒ /api/v2/admin/content/placements
@idream/main check: ├ ƒ /api/v2/admin/content/placements/[id]
@idream/main check: ├ ƒ /api/v2/admin/content/production/directions
@idream/main check: ├ ƒ /api/v2/admin/content/production/estimate
@idream/main check: ├ ƒ /api/v2/admin/content/review-queue
@idream/main check: ├ ƒ /api/v2/admin/content/review-queue/[id]/decision
@idream/main check: ├ ƒ /api/v2/admin/content/tags
@idream/main check: ├ ƒ /api/v2/admin/content/tags/[id]
@idream/main check: ├ ƒ /api/v2/admin/content/tags/merge
@idream/main check: ├ ƒ /api/v2/admin/content/templates
@idream/main check: ├ ƒ /api/v2/admin/content/templates/[id]
@idream/main check: ├ ƒ /api/v2/admin/content/templates/[id]/active
@idream/main check: ├ ƒ /api/v2/admin/creative/run-options
@idream/main check: ├ ƒ /api/v2/admin/creative/runs
@idream/main check: ├ ƒ /api/v2/admin/creative/runs/[id]
@idream/main check: ├ ƒ /api/v2/admin/creative/runs/[id]/commands/attach-incident
@idream/main check: ├ ƒ /api/v2/admin/creative/runs/[id]/commands/retry-failed
@idream/main check: ├ ƒ /api/v2/admin/creative/runs/[id]/items/[itemId]/decisions
@idream/main check: ├ ƒ /api/v2/admin/creative/runs/[id]/placements
@idream/main check: ├ ƒ /api/v2/admin/creative/runs/[id]/placements/[placementId]/verification
@idream/main check: ├ ƒ /api/v2/admin/creative/runs/[id]/placements/[placementId]/withdrawal
@idream/main check: ├ ƒ /api/v2/admin/customers
@idream/main check: ├ ƒ /api/v2/admin/customers/[id]
@idream/main check: ├ ƒ /api/v2/admin/dashboard
@idream/main check: ├ ƒ /api/v2/admin/experiments
@idream/main check: ├ ƒ /api/v2/admin/experiments/[id]
@idream/main check: ├ ƒ /api/v2/admin/experiments/[id]/analysis
@idream/main check: ├ ƒ /api/v2/admin/experiments/[id]/commands/start
@idream/main check: ├ ƒ /api/v2/admin/experiments/[id]/commands/stop
@idream/main check: ├ ƒ /api/v2/admin/feature-flags
@idream/main check: ├ ƒ /api/v2/admin/feature-flags/[key]
@idream/main check: ├ ƒ /api/v2/admin/generation/backends
@idream/main check: ├ ƒ /api/v2/admin/generation/dead-letter
@idream/main check: ├ ƒ /api/v2/admin/generation/dead-letter/[id]/commands/discard
@idream/main check: ├ ƒ /api/v2/admin/generation/dead-letter/[id]/commands/requeue
@idream/main check: ├ ƒ /api/v2/admin/generation/dead-letter/commands/discard
@idream/main check: ├ ƒ /api/v2/admin/generation/dead-letter/commands/requeue
@idream/main check: ├ ƒ /api/v2/admin/generation/metrics
@idream/main check: ├ ƒ /api/v2/admin/generation/model-imports
@idream/main check: ├ ƒ /api/v2/admin/generation/model-imports/commands/register
@idream/main check: ├ ƒ /api/v2/admin/generation/model-imports/commands/upload
@idream/main check: ├ ƒ /api/v2/admin/generation/model-profiles
@idream/main check: ├ ƒ /api/v2/admin/generation/model-profiles/[id]
@idream/main check: ├ ƒ /api/v2/admin/generation/model-profiles/[id]/commands/dry-run
@idream/main check: ├ ƒ /api/v2/admin/generation/model-profiles/[id]/commands/publish
@idream/main check: ├ ƒ /api/v2/admin/generation/model-profiles/[id]/commands/rollback
@idream/main check: ├ ƒ /api/v2/admin/generation/model-profiles/[id]/commands/test-job
@idream/main check: ├ ƒ /api/v2/admin/generation/model-profiles/[id]/health
@idream/main check: ├ ƒ /api/v2/admin/generation/presets
@idream/main check: ├ ƒ /api/v2/admin/generation/presets/[id]
@idream/main check: ├ ƒ /api/v2/admin/generation/recipes
@idream/main check: ├ ƒ /api/v2/admin/generation/recipes/[id]
@idream/main check: ├ ƒ /api/v2/admin/generation/recipes/[id]/commands/publish
@idream/main check: ├ ƒ /api/v2/admin/generation/recipes/[id]/commands/rollback
@idream/main check: ├ ƒ /api/v2/admin/generation/requests/[id]/commands/cancel
@idream/main check: ├ ƒ /api/v2/admin/generation/workflows
@idream/main check: ├ ƒ /api/v2/admin/generation/workflows/[id]
@idream/main check: ├ ƒ /api/v2/admin/incidents
@idream/main check: ├ ƒ /api/v2/admin/incidents/[id]
@idream/main check: ├ ƒ /api/v2/admin/incidents/[id]/action-plans/[planId]/execute
@idream/main check: ├ ƒ /api/v2/admin/incidents/[id]/action-plans/preview
@idream/main check: ├ ƒ /api/v2/admin/incidents/[id]/commands/close
@idream/main check: ├ ƒ /api/v2/admin/incidents/[id]/commands/merge
@idream/main check: ├ ƒ /api/v2/admin/incidents/[id]/commands/resolve
@idream/main check: ├ ƒ /api/v2/admin/incidents/[id]/commands/split
@idream/main check: ├ ƒ /api/v2/admin/incidents/[id]/verification
@idream/main check: ├ ƒ /api/v2/admin/incidents/backfill
@idream/main check: ├ ƒ /api/v2/admin/incidents/correlation-outbox
@idream/main check: ├ ƒ /api/v2/admin/incidents/correlation-outbox/commands/discard-attempt-missing
@idream/main check: ├ ƒ /api/v2/admin/incidents/correlation-outbox/commands/replay
@idream/main check: ├ ƒ /api/v2/admin/jobs
@idream/main check: ├ ƒ /api/v2/admin/jobs/[id]
@idream/main check: ├ ƒ /api/v2/admin/jobs/[id]/commands/reconcile-unknown
@idream/main check: ├ ƒ /api/v2/admin/jobs/[id]/commands/retry
@idream/main check: ├ ƒ /api/v2/admin/metrics
@idream/main check: ├ ƒ /api/v2/admin/metrics/quality
@idream/main check: ├ ƒ /api/v2/admin/metrics/reconciliation
@idream/main check: ├ ƒ /api/v2/admin/moderation/appeals/[id]/decision
@idream/main check: ├ ƒ /api/v2/admin/moderation/media/[id]/decision
@idream/main check: ├ ƒ /api/v2/admin/moderation/queue
@idream/main check: ├ ƒ /api/v2/admin/moderation/reports/[id]/decision
@idream/main check: ├ ƒ /api/v2/admin/mutation-receipts/reconcile
@idream/main check: ├ ƒ /api/v2/admin/ops/providers
@idream/main check: ├ ƒ /api/v2/admin/pricing/rules
@idream/main check: ├ ƒ /api/v2/admin/pricing/rules/[id]
@idream/main check: ├ ƒ /api/v2/admin/pricing/rules/[id]/publish
@idream/main check: ├ ƒ /api/v2/admin/pricing/rules/[id]/rollback
@idream/main check: ├ ƒ /api/v2/admin/promo/redeem-codes
@idream/main check: ├ ƒ /api/v2/admin/promo/redeem-codes/[id]/disable
@idream/main check: ├ ƒ /api/v2/admin/promo/referrals
@idream/main check: ├ ƒ /api/v2/admin/reconciliation/invariants
@idream/main check: ├ ƒ /api/v2/admin/risk/abuse
@idream/main check: ├ ƒ /api/v2/admin/saved-views
@idream/main check: ├ ƒ /api/v2/admin/saved-views/[id]
@idream/main check: ├ ƒ /api/v2/admin/search
@idream/main check: ├ ƒ /api/v2/admin/support/feedback
@idream/main check: ├ ƒ /api/v2/admin/support/feedback/[id]
@idream/main check: ├ ƒ /api/v2/admin/support/plaintext/view
@idream/main check: ├ ƒ /api/v2/admin/support/requests
@idream/main check: ├ ƒ /api/v2/admin/support/requests/[id]
@idream/main check: ├ ƒ /api/v2/admin/support/requests/[id]/escalate
@idream/main check: ├ ƒ /api/v2/admin/today
@idream/main check: ├ ƒ /api/v2/admin/today/all-work
@idream/main check: ├ ƒ /api/v2/admin/today/claim
@idream/main check: ├ ƒ /api/v2/admin/today/preferences
@idream/main check: ├ ƒ /api/v2/admin/users
@idream/main check: ├ ƒ /api/v2/admin/users/[id]
@idream/main check: ├ ƒ /api/v2/admin/users/[id]/grant-bundles
@idream/main check: ├ ƒ /api/v2/admin/users/[id]/grant-bundles/[bundleKey]
@idream/main check: ├ ƒ /api/v2/admin/users/[id]/permissions
@idream/main check: ├ ƒ /api/v2/admin/users/[id]/role
@idream/main check: ├ ƒ /api/v2/admin/users/[id]/status
@idream/main check: ├ ƒ /api/v2/admin/voice-defaults
@idream/main check: ├ ƒ /api/v2/admin/voice-defaults/preview
@idream/main check: ├ ƒ /characters/[id]
@idream/main check: ├ ƒ /chat/[sessionId]
@idream/main check: ├ ƒ /creators/[id]
@idream/main check: ├ ○ /explore
@idream/main check: ├ ƒ /internal-preview/characters/[token]
@idream/main check: ├ ○ /robots.txt
@idream/main check: ├ ƒ /sitemap.xml
@idream/main check: └ ƒ /user-content/[id]/[filename]
@idream/main check: 
@idream/main check: 
@idream/main check: ○  (Static)   prerendered as static content
@idream/main check: ●  (SSG)      prerendered as static HTML (uses generateStaticParams)
@idream/main check: ƒ  (Dynamic)  server-rendered on demand
@idream/main check: 
@idream/main check: {"packagePath":"packages/main","releaseId":"idream-a01b4be8-5593-4ad3-8300-27fc18c938d1","buildId":"build-TfctsWXpff2fKS","deploymentId":"idream-a01b4be8-5593-4ad3-8300-27fc18c938d1","releaseDir":"/Users/kk/code/idream/packages/main/.next-runtime/releases/idream-a01b4be8-5593-4ad3-8300-27fc18c938d1"}
@idream/main check: Exited with code 0
