@idream/main test: 
@idream/main test:  RUN  v4.1.9 /Users/kk/code/idream/packages/main
@idream/main test: 
@idream/main test: Loaded Prisma config from prisma.config.ts.
@idream/main test: 
@idream/main test: Prisma schema loaded from prisma/schema.prisma.
@idream/main test: Datasource "db": PostgreSQL database "idream_test", schema "public" at "localhost:5433"
@idream/main test: 
@idream/main test: 🚀  Your database is now in sync with your Prisma schema. Done in 2.31s
@idream/main test: 
@idream/main test: Loaded Prisma config from prisma.config.ts.
@idream/main test: 
@idream/main test: Prisma schema loaded from prisma/schema.prisma.
@idream/main test: 
@idream/main test: ✔ Generated Prisma Client (v7.6.0) to ./../../node_modules/.bun/@prisma+client@7.6.0+7eee423ab090712c/node_modules/@prisma/client in 401ms
@idream/main test: 
@idream/main test: Start by importing your Prisma Client (See: https://pris.ly/d/importing-client)
@idream/main test: 
@idream/main test: 
@idream/main test: [seed] complete
@idream/main test: 
@idream/main test:  Test Files  7 passed (7)
@idream/main test:       Tests  129 passed (129)
@idream/main test:    Start at  05:22:05
@idream/main test:    Duration  20.80s (transform 1.18s, setup 0ms, import 3.49s, tests 10.69s, environment 94ms)
@idream/main test: 
@idream/main test: Exited with code 0
