@idream/main typecheck: $ bun --bun prisma generate
@idream/main typecheck: Loaded Prisma config from prisma.config.ts.
@idream/main typecheck: 
@idream/main typecheck: Prisma schema loaded from prisma/schema.prisma.
@idream/main typecheck: 
@idream/main typecheck: ✔ Generated Prisma Client (v7.6.0) to ./../../node_modules/.bun/@prisma+client@7.6.0+7eee423ab090712c/node_modules/@prisma/client in 276ms
@idream/main typecheck: 
@idream/main typecheck: Start by importing your Prisma Client (See: https://pris.ly/d/importing-client)
@idream/main typecheck: 
@idream/main typecheck: 
@idream/main typecheck: Generating route types...
@idream/main typecheck: ✓ Types generated successfully
@idream/main typecheck: src/server/modules/admin-v2/characters/publication-prep.ts(193,7): error TS2322: Type 'string | null' is not assignable to type 'string | StringFilter<"CharacterSubmission"> | undefined'.
@idream/main typecheck:   Type 'null' is not assignable to type 'string | StringFilter<"CharacterSubmission"> | undefined'.
@idream/main typecheck: src/server/modules/admin-v2/characters/publication-prep.ts(213,82): error TS2345: Argument of type 'string | null' is not assignable to parameter of type 'string'.
@idream/main typecheck:   Type 'null' is not assignable to type 'string'.
@idream/main typecheck: src/server/modules/admin-v2/characters/workspace-media-operations.integration.test.ts(785,44): error TS2322: Type '{ id: string; ownerId: string; characterId: string; type: string; safetyStatus: string; url: string; createdAt: Date; }[]' is not assignable to type 'MediaAssetCreateManyInput | MediaAssetCreateManyInput[]'.
@idream/main typecheck:   Type '{ id: string; ownerId: string; characterId: string; type: string; safetyStatus: string; url: string; createdAt: Date; }[]' is not assignable to type 'MediaAssetCreateManyInput[]'.
@idream/main typecheck:     Property 'metadata' is missing in type '{ id: string; ownerId: string; characterId: string; type: string; safetyStatus: string; url: string; createdAt: Date; }' but required in type 'MediaAssetCreateManyInput'.
@idream/main typecheck: src/server/modules/admin-v2/characters/workspace.ts(114,107): error TS2322: Type 'string | null' is not assignable to type 'string | StringFilter<"CharacterSubmission"> | undefined'.
@idream/main typecheck:   Type 'null' is not assignable to type 'string | StringFilter<"CharacterSubmission"> | undefined'.
@idream/main typecheck: Exited with code 2
