@idream/admin typecheck: src/features/characters/CharacterImageLibrary-production.mounted.test.tsx(92,53): error TS2322: Type '{ actorId: string; data: { character: { id: string; name: string; age: number; description: string; gender: string; style: string; visibility: string; legacyStatus: string; imageUrl: string | null; updatedAt: string; }; ... 10 more ...; performance: readonly { ...; }[]; }; ... 8 more ...; commitProjectMutation: <T>(...' is not assignable to type 'IntrinsicAttributes & CharacterImageLibraryProps'.
@idream/admin typecheck:   Property 'canReviewImported' does not exist on type 'IntrinsicAttributes & CharacterImageLibraryProps'.
@idream/admin typecheck: src/features/characters/CharacterImageLibrary.mounted.test.tsx(138,37): error TS2322: Type '{ actorId: string; canArchive: false; canCreate: true; canRead: true; canReadProduction: true; canReview: true; canReviewImported: boolean; commitProjectMutation: <T>({ commit }: { readonly action: string; readonly commit: () => Promise<...>; readonly afterRefresh?: (() => void) | undefined; }) => Promise<...>; data...' is not assignable to type 'IntrinsicAttributes & CharacterImageLibraryProps'.
@idream/admin typecheck:   Property 'canReviewImported' does not exist on type 'IntrinsicAttributes & CharacterImageLibraryProps'.
@idream/admin typecheck: src/features/characters/CharacterImageLibrary.mounted.test.tsx(165,11): error TS2322: Type '{ actorId: string; canArchive: false; canCreate: true; canRead: true; canReadProduction: true; canReview: true; canReviewImported: boolean; commitProjectMutation: <T>({ commit }: { readonly action: string; readonly commit: () => Promise<...>; readonly afterRefresh?: (() => void) | undefined; }) => Promise<...>; data...' is not assignable to type 'IntrinsicAttributes & CharacterImageLibraryProps'.
@idream/admin typecheck:   Property 'canReviewImported' does not exist on type 'IntrinsicAttributes & CharacterImageLibraryProps'.
@idream/admin typecheck: src/features/characters/CharacterImageLibrary.mounted.test.tsx(209,11): error TS2322: Type '{ actorId: string; canArchive: false; canCreate: true; canRead: true; canReadProduction: true; canReview: true; canReviewImported: true; commitProjectMutation: <T>({ commit }: { readonly action: string; readonly commit: () => Promise<...>; readonly afterRefresh?: (() => void) | undefined; }) => Promise<...>; data: {...' is not assignable to type 'IntrinsicAttributes & CharacterImageLibraryProps'.
@idream/admin typecheck:   Property 'canReviewImported' does not exist on type 'IntrinsicAttributes & CharacterImageLibraryProps'.
@idream/admin typecheck: src/features/characters/CharacterMediaAvailability.mounted.test.tsx(152,11): error TS2322: Type '{ actorId: string; canArchive: boolean; canCreate: true; canRead: true; canReadProduction: true; canReview: true; canReviewImported: true; commitProjectMutation: <T>({ commit }: { readonly action: string; readonly commit: () => Promise<...>; readonly afterRefresh?: (() => void) | undefined; }) => Promise<...>; data:...' is not assignable to type 'IntrinsicAttributes & CharacterImageLibraryProps'.
@idream/admin typecheck:   Property 'canReviewImported' does not exist on type 'IntrinsicAttributes & CharacterImageLibraryProps'.
@idream/admin typecheck: src/features/characters/CharacterVideoStudio.mounted.test.tsx(325,50): error TS2353: Object literal may only specify known properties, and 'review' does not exist in type 'CharacterVideoPermissions'.
@idream/admin typecheck: src/features/characters/CharacterVideoStudio.mounted.test.tsx(404,50): error TS2353: Object literal may only specify known properties, and 'review' does not exist in type 'CharacterVideoPermissions'.
@idream/admin typecheck: src/features/characters/CharacterVideoStudio.mounted.test.tsx(457,50): error TS2353: Object literal may only specify known properties, and 'review' does not exist in type 'CharacterVideoPermissions'.
@idream/admin typecheck: src/features/characters/CharacterVideoStudio.mounted.test.tsx(480,50): error TS2353: Object literal may only specify known properties, and 'review' does not exist in type 'CharacterVideoPermissions'.
@idream/admin typecheck: src/features/characters/CharacterVideoStudio.mounted.test.tsx(533,50): error TS2353: Object literal may only specify known properties, and 'review' does not exist in type 'CharacterVideoPermissions'.
@idream/admin typecheck: src/features/characters/CharacterVideoStudio.mounted.test.tsx(582,52): error TS2353: Object literal may only specify known properties, and 'review' does not exist in type 'CharacterVideoPermissions'.
@idream/admin typecheck: src/features/characters/CharacterVideoStudio.mounted.test.tsx(685,50): error TS2353: Object literal may only specify known properties, and 'review' does not exist in type 'CharacterVideoPermissions'.
@idream/admin typecheck: src/features/characters/CharacterVideoStudio.mounted.test.tsx(797,50): error TS2353: Object literal may only specify known properties, and 'review' does not exist in type 'CharacterVideoPermissions'.
@idream/admin typecheck: src/features/characters/VisualIdentityExperimentWorkbench.tsx(387,15): error TS7022: 'response' implicitly has type 'any' because it does not have a type annotation and is referenced directly or indirectly in its own initializer.
@idream/admin typecheck: Exited with code 2
